[21:52:02] [main/INFO] (Launcher) ModLauncher running: args [--launchTarget, forgeclientuserdev, --version, MOD_DEV, --assetIndex, 1.20.1-5, --assetsDir, /home/jamiececcarelli/.gradle/caches/fabric-loom/assets, --gameDir, ., --fml.forgeVersion, 47.4.10, --fml.mcVersion, 1.20.1, --fml.forgeGroup, net.minecraftforge, --fml.mcpVersion, 20230612.114412, -mixin.config, tc.mixins.json, --mixin.config, tc.mixins.json]
[21:52:02] [main/INFO] (Launcher) ModLauncher 10.0.9+10.0.9+main.dcd20f30 starting: java version 21.0.8 by Eclipse Adoptium; OS Linux arch amd64 version 6.18.3-201.nobara.fc43.x86_64
[21:52:02] [main/INFO] (unprotect) Initializing Unprotect using ModLauncher backend, target: Minecraft and loader classes (minecraft+forge)
[21:52:02] [main/WARN] (FMLConfig) Configuration file /home/jamiececcarelli/Documents/mods/Traincraft-1.20.1/forge/run/config/fml.toml is not correct. Correcting
[21:52:02] [main/INFO] (FMLConfig) Incorrect key [earlyWindowSkipGLVersions] was corrected from null to []
[21:52:02] [main/INFO] (FMLConfig) Incorrect key [earlyWindowLogHelpMessage] was corrected from null to true
[21:52:02] [main/INFO] (FMLConfig) Incorrect key [earlyWindowSquir] was corrected from null to false
[21:52:02] [main/INFO] (FMLConfig) Incorrect key [earlyWindowShowCPU] was corrected from null to false
[21:52:02] [main/INFO] (ImmediateWindowHandler) Loading ImmediateWindowProvider fmlearlywindow
[21:52:02] [main/INFO] (EARLYDISPLAY) Trying GL version 4.6
[21:52:02] [main/INFO] (EARLYDISPLAY) If this message is the only thing at the bottom of your log before a crash, you probably have a driver issue.

Possible solutions:
A) Make sure Minecraft is set to prefer high performance graphics in the OS and/or driver control panel
B) Check for driver updates on the graphics brand's website
C) Try reinstalling your graphics drivers
D) If still not working after trying all of the above, ask for further help on the Forge forums or Discord

You can safely ignore this message if the game starts up successfully.
[21:52:02] [main/INFO] (EARLYDISPLAY) Requested GL version 4.6 got version 4.6
[21:52:03] [main/INFO] (mixin) SpongePowered MIXIN Subsystem Version=0.8.5 Source=union:/home/jamiececcarelli/.gradle/caches/modules-2/files-2.1/dev.architectury/mixin-patched/0.8.5.12/cf1f787f58d3b08b0cb53ecbba7928c09a1893c8/mixin-patched-0.8.5.12.jar%23116!/ Service=ModLauncher Env=CLIENT
[21:52:03] [pool-5-thread-1/INFO] (EARLYDISPLAY) GL info: NVIDIA GeForce RTX 2060 SUPER/PCIe/SSE2 GL version 4.6.0 NVIDIA 580.119.02, NVIDIA Corporation
[21:52:03] [main/WARN] (ModFileParser) Mod file /home/jamiececcarelli/.gradle/caches/modules-2/files-2.1/net.minecraftforge/javafmllanguage/1.20.1-47.4.10/ccc533c7dd67e0983217197d7549c8b49e7ab453/javafmllanguage-1.20.1-47.4.10.jar is missing mods.toml file
[21:52:03] [main/WARN] (ModFileParser) Mod file /home/jamiececcarelli/.gradle/caches/modules-2/files-2.1/net.minecraftforge/lowcodelanguage/1.20.1-47.4.10/e9a2879fe3612ea34b9728ec2633304a1e67d480/lowcodelanguage-1.20.1-47.4.10.jar is missing mods.toml file
[21:52:03] [main/WARN] (ModFileParser) Mod file /home/jamiececcarelli/.gradle/caches/modules-2/files-2.1/net.minecraftforge/mclanguage/1.20.1-47.4.10/ec5cefbbc65c67302b8fac317010faab85fa14b9/mclanguage-1.20.1-47.4.10.jar is missing mods.toml file
[21:52:03] [main/WARN] (ModFileParser) Mod file /home/jamiececcarelli/.gradle/caches/modules-2/files-2.1/net.minecraftforge/fmlcore/1.20.1-47.4.10/94dae566be650566ea9115a1414ab76bfcf5a804/fmlcore-1.20.1-47.4.10.jar is missing mods.toml file
[21:52:03] [main/ERROR] (ModDiscoverer) Locator net.minecraftforge.fml.loading.moddiscovery.MinecraftLocator@270a113f found an invalid mod file net.minecraftforge.fml.loading.moddiscovery.ModFileInfo@414d5660
net.minecraftforge.fml.loading.moddiscovery.InvalidModFileException: Illegal version number specified version (main)
	at net.minecraftforge.fml.loading.moddiscovery.ModInfo.<init>(ModInfo.java:77) ~[fmlloader-1.20.1-47.4.10.jar%2394!/:?]
	at net.minecraftforge.fml.loading.moddiscovery.ModFileInfo.lambda$new$2(ModFileInfo.java:103) ~[fmlloader-1.20.1-47.4.10.jar%2394!/:?]
	at java.util.stream.ReferencePipeline$3$1.accept(ReferencePipeline.java:197) ~[?:?]
	at java.util.ArrayList$ArrayListSpliterator.forEachRemaining(ArrayList.java:1708) ~[?:?]
	at java.util.stream.AbstractPipeline.copyInto(AbstractPipeline.java:509) ~[?:?]
	at java.util.stream.AbstractPipeline.wrapAndCopyInto(AbstractPipeline.java:499) ~[?:?]
	at java.util.stream.AbstractPipeline.evaluate(AbstractPipeline.java:575) ~[?:?]
	at java.util.stream.AbstractPipeline.evaluateToArrayNode(AbstractPipeline.java:260) ~[?:?]
	at java.util.stream.ReferencePipeline.toArray(ReferencePipeline.java:616) ~[?:?]
	at java.util.stream.ReferencePipeline.toArray(ReferencePipeline.java:622) ~[?:?]
	at java.util.stream.ReferencePipeline.toList(ReferencePipeline.java:627) ~[?:?]
	at net.minecraftforge.fml.loading.moddiscovery.ModFileInfo.<init>(ModFileInfo.java:104) ~[fmlloader-1.20.1-47.4.10.jar%2394!/:?]
	at net.minecraftforge.fml.loading.moddiscovery.ModFileParser.modsTomlParser(ModFileParser.java:47) ~[fmlloader-1.20.1-47.4.10.jar%2394!/:?]
	at net.minecraftforge.fml.loading.moddiscovery.ModFileParser.readModList(ModFileParser.java:31) ~[fmlloader-1.20.1-47.4.10.jar%2394!/:?]
	at net.minecraftforge.fml.loading.moddiscovery.ModFile.<init>(ModFile.java:79) ~[fmlloader-1.20.1-47.4.10.jar%2394!/:?]
	at net.minecraftforge.fml.loading.moddiscovery.ModFile.<init>(ModFile.java:68) ~[fmlloader-1.20.1-47.4.10.jar%2394!/:?]
	at net.minecraftforge.fml.loading.moddiscovery.AbstractModProvider.createMod(AbstractModProvider.java:57) ~[fmlloader-1.20.1-47.4.10.jar%2394!/:?]
	at net.minecraftforge.fml.loading.moddiscovery.AbstractModProvider.createMod(AbstractModProvider.java:37) ~[fmlloader-1.20.1-47.4.10.jar%2394!/:?]
	at net.minecraftforge.fml.loading.moddiscovery.MinecraftLocator.lambda$scanMods$6(MinecraftLocator.java:43) ~[fmlloader-1.20.1-47.4.10.jar%2394!/:?]
	at java.util.stream.ReferencePipeline$3$1.accept(ReferencePipeline.java:197) ~[?:?]
	at java.util.AbstractList$RandomAccessSpliterator.forEachRemaining(AbstractList.java:722) ~[?:?]
	at java.util.stream.AbstractPipeline.copyInto(AbstractPipeline.java:509) ~[?:?]
	at java.util.stream.AbstractPipeline.wrapAndCopyInto(AbstractPipeline.java:499) ~[?:?]
	at java.util.stream.StreamSpliterators$WrappingSpliterator.forEachRemaining(StreamSpliterators.java:310) ~[?:?]
	at java.util.stream.Streams$ConcatSpliterator.forEachRemaining(Streams.java:735) ~[?:?]
	at java.util.stream.AbstractPipeline.copyInto(AbstractPipeline.java:509) ~[?:?]
	at java.util.stream.AbstractPipeline.wrapAndCopyInto(AbstractPipeline.java:499) ~[?:?]
	at java.util.stream.AbstractPipeline.evaluate(AbstractPipeline.java:575) ~[?:?]
	at java.util.stream.AbstractPipeline.evaluateToArrayNode(AbstractPipeline.java:260) ~[?:?]
	at java.util.stream.ReferencePipeline.toArray(ReferencePipeline.java:616) ~[?:?]
	at java.util.stream.ReferencePipeline.toArray(ReferencePipeline.java:622) ~[?:?]
	at java.util.stream.ReferencePipeline.toList(ReferencePipeline.java:627) ~[?:?]
	at net.minecraftforge.fml.loading.moddiscovery.MinecraftLocator.scanMods(MinecraftLocator.java:47) ~[fmlloader-1.20.1-47.4.10.jar%2394!/:?]
	at net.minecraftforge.fml.loading.moddiscovery.ModDiscoverer.discoverMods(ModDiscoverer.java:78) ~[fmlloader-1.20.1-47.4.10.jar%2394!/:?]
	at net.minecraftforge.fml.loading.FMLLoader.beginModScan(FMLLoader.java:173) ~[fmlloader-1.20.1-47.4.10.jar%2394!/:1.0]
	at net.minecraftforge.fml.loading.FMLServiceProvider.beginScanning(FMLServiceProvider.java:86) ~[fmlloader-1.20.1-47.4.10.jar%2394!/:1.0]
	at cpw.mods.modlauncher.TransformationServiceDecorator.runScan(TransformationServiceDecorator.java:112) ~[modlauncher-10.0.9.jar%2398!/:?]
	at cpw.mods.modlauncher.TransformationServicesHandler.lambda$runScanningTransformationServices$8(TransformationServicesHandler.java:100) ~[modlauncher-10.0.9.jar%2398!/:?]
	at java.util.stream.ReferencePipeline$3$1.accept(ReferencePipeline.java:197) ~[?:?]
	at java.util.HashMap$ValueSpliterator.forEachRemaining(HashMap.java:1787) ~[?:?]
	at java.util.stream.AbstractPipeline.copyInto(AbstractPipeline.java:509) ~[?:?]
	at java.util.stream.AbstractPipeline.wrapAndCopyInto(AbstractPipeline.java:499) ~[?:?]
	at java.util.stream.AbstractPipeline.evaluate(AbstractPipeline.java:575) ~[?:?]
	at java.util.stream.AbstractPipeline.evaluateToArrayNode(AbstractPipeline.java:260) ~[?:?]
	at java.util.stream.ReferencePipeline.toArray(ReferencePipeline.java:616) ~[?:?]
	at java.util.stream.ReferencePipeline.toArray(ReferencePipeline.java:622) ~[?:?]
	at java.util.stream.ReferencePipeline.toList(ReferencePipeline.java:627) ~[?:?]
	at cpw.mods.modlauncher.TransformationServicesHandler.runScanningTransformationServices(TransformationServicesHandler.java:102) ~[modlauncher-10.0.9.jar%2398!/:?]
	at cpw.mods.modlauncher.TransformationServicesHandler.initializeTransformationServices(TransformationServicesHandler.java:55) ~[modlauncher-10.0.9.jar%2398!/:?]
	at cpw.mods.modlauncher.Launcher.run(Launcher.java:88) ~[modlauncher-10.0.9.jar%2398!/:?]
	at cpw.mods.modlauncher.Launcher.main(Launcher.java:78) ~[modlauncher-10.0.9.jar%2398!/:?]
	at cpw.mods.modlauncher.BootstrapLaunchConsumer.accept(BootstrapLaunchConsumer.java:26) ~[modlauncher-10.0.9.jar%2398!/:?]
	at cpw.mods.modlauncher.BootstrapLaunchConsumer.accept(BootstrapLaunchConsumer.java:23) ~[modlauncher-10.0.9.jar%2398!/:?]
	at cpw.mods.bootstraplauncher.BootstrapLauncher.main(BootstrapLauncher.java:141) ~[?:?]
	at net.fabricmc.devlaunchinjector.Main.main(Main.java:86) ~[dev-launch-injector-0.2.1+build.8.jar%23185!/:?]
	at dev.architectury.transformer.TransformerRuntime.main(TransformerRuntime.java:220) ~[?:?]
[21:52:03] [main/INFO] (ModDiscoverer) Found mod file architectury-forge-0cd3bb3a-9.2.14.jar of type MOD with provider net.minecraftforge.fml.loading.moddiscovery.ClasspathLocator@74061ced
[21:52:03] [main/INFO] (ModDiscoverer) Found mod file 15461800865814388873.jar of type MOD with provider net.minecraftforge.fml.loading.moddiscovery.ClasspathLocator@74061ced
[21:52:03] [main/INFO] (ModDiscoverer) Found mod file architectury-forge-0cd3bb3a-9.2.14.jar of type MOD with provider net.minecraftforge.fml.loading.moddiscovery.ClasspathLocator@74061ced
[21:52:03] [main/INFO] (ModDiscoverer) Found mod file 15461800865814388873.jar of type MOD with provider net.minecraftforge.fml.loading.moddiscovery.ClasspathLocator@74061ced
[21:52:03] [main/INFO] (JarInJarDependencyLocator) No dependencies to load found. Skipping!
[21:52:03] [main/ERROR] (LanguageLoadingProvider) Missing language javafml version [46,) wanted by architectury-forge-0cd3bb3a-9.2.14.jar
[21:52:03] [main/ERROR] (LanguageLoadingProvider) Missing language javafml version [1,) wanted by 15461800865814388873.jar
