[21:52:36] [main/INFO] (Quilt Loader/GameProvider) Loading Minecraft 1.20.1 with Quilt Loader 0.30.0-beta.0
[21:52:36] [main/DEBUG] (Quilt Loader/GamePatch) Found game constructor: net.minecraft.client.main.Main -> net.minecraft.client.Minecraft
[21:52:36] [main/DEBUG] (Quilt Loader/GamePatch) Patching game constructor <init>(Lnet/minecraft/client/main/GameConfig;)V
[21:52:36] [main/DEBUG] (Quilt Loader/GamePatch) Run directory field is thought to be net/minecraft/client/Minecraft/gameDirectory
[21:52:36] [main/DEBUG] (Quilt Loader/GamePatch) Applying brand name hook to net/minecraft/client/ClientBrandRetriever::getClientModName
[21:52:36] [main/DEBUG] (Quilt Loader/GamePatch) Applying brand name hook to net/minecraft/server/MinecraftServer::getServerModName
[21:52:36] [main/INFO] (Quilt Loader/Mappings) Loading mappings: jar:file:/home/jamiececcarelli/.gradle/caches/fabric-loom/1.20.1/loom.mappings.1_20_1.layered+hash.40359-v2-arch-quilt/mappings.jar!/mappings/mappings.tiny
[21:52:36] [main/DEBUG] (Quilt Loader/Mappings) Loading mappings took 135 ms
[21:52:36] [main/INFO] (Quilt Loader/Mappings) Loaded mapping namespaces: [official, intermediary, named]
[21:52:36] [main/INFO] (Quilt Loader/Mappings) Target namespace: named
[21:52:36] [main/DEBUG] (Quilt Loader/GamePatch) Patched 3 classs
[21:52:36] [main/ERROR] (Quilt Loader/Discovery) Mod at path /home/jamiececcarelli/Documents/mods/Traincraft-1.20.1/quilt/build/resources/main is not included in the loom 'mods' block! This will be an error in a future version of Loader!
[21:52:36] [main/DEBUG] (Quilt Loader/Mixin) Assuming Quilt mod quilted_fabric_entity_events_v1 uses 0.10.0 mixin compatibility
[21:52:36] [main/DEBUG] (Quilt Loader/Mixin) Assuming Quilt mod quilted_fabric_dimensions_v1 uses 0.10.0 mixin compatibility
[21:52:36] [main/DEBUG] (Quilt Loader/Mixin) Assuming Quilt mod quilted_fabric_screen_api_v1 uses 0.10.0 mixin compatibility
[21:52:36] [main/DEBUG] (Quilt Loader/Mixin) Assuming Quilt mod generated_3c45923 uses 0.10.0 mixin compatibility
[21:52:36] [main/DEBUG] (Quilt Loader/Mixin) Assuming Quilt mod quilted_fabric_data_attachment_api_v1 uses 0.10.0 mixin compatibility
[21:52:36] [main/DEBUG] (Quilt Loader/Mixin) Assuming Quilt mod quilted_fabric_renderer_indigo uses 0.10.0 mixin compatibility
[21:52:36] [main/DEBUG] (Quilt Loader/Mixin) Assuming Quilt mod quilted_fabric_content_registries_v0 uses 0.10.0 mixin compatibility
[21:52:36] [main/DEBUG] (Quilt Loader/Mixin) Assuming Quilt mod java uses 0.10.0 mixin compatibility
[21:52:36] [main/DEBUG] (Quilt Loader/Mixin) Assuming Quilt mod quilted_fabric_biome_api_v1 uses 0.10.0 mixin compatibility
[21:52:36] [main/DEBUG] (Quilt Loader/Mixin) Assuming Quilt mod quilted_fabric_api uses 0.10.0 mixin compatibility
[21:52:36] [main/DEBUG] (Quilt Loader/Mixin) Assuming Quilt mod quilt_block_entity uses 0.10.0 mixin compatibility
[21:52:36] [main/DEBUG] (Quilt Loader/Mixin) Assuming Quilt mod quilt_status_effect uses 0.10.0 mixin compatibility
[21:52:36] [main/DEBUG] (Quilt Loader/Mixin) Assuming Quilt mod quilted_fabric_registry_sync_v0 uses 0.10.0 mixin compatibility
[21:52:36] [main/DEBUG] (Quilt Loader/Mixin) Assuming Quilt mod quilted_fabric_events_interaction_v0 uses 0.10.0 mixin compatibility
[21:52:36] [main/DEBUG] (Quilt Loader/Mixin) Assuming Quilt mod quilt_lifecycle_events uses 0.10.0 mixin compatibility
[21:52:36] [main/DEBUG] (Quilt Loader/Mixin) Assuming Quilt mod quilt_vehicle uses 0.10.0 mixin compatibility
[21:52:36] [main/DEBUG] (Quilt Loader/Mixin) Assuming Quilt mod quilted_fabric_command_api_v2 uses 0.10.0 mixin compatibility
[21:52:36] [main/DEBUG] (Quilt Loader/Mixin) Assuming Quilt mod quilt_item_content_registry uses 0.10.0 mixin compatibility
[21:52:36] [main/DEBUG] (Quilt Loader/Mixin) Assuming Quilt mod quilt_registry_entry_attachment uses 0.10.0 mixin compatibility
[21:52:36] [main/DEBUG] (Quilt Loader/Mixin) Assuming Quilt mod quilted_fabric_blockrenderlayer_v1 uses 0.10.0 mixin compatibility
[21:52:36] [main/DEBUG] (Quilt Loader/Mixin) Assuming Quilt mod quilted_fabric_block_view_api_v2 uses 0.10.0 mixin compatibility
[21:52:36] [main/DEBUG] (Quilt Loader/Mixin) Assuming Quilt mod quilt_recipe uses 0.10.0 mixin compatibility
[21:52:36] [main/DEBUG] (Quilt Loader/Mixin) Assuming Quilt mod quilted_fabric_message_api_v1 uses 0.10.0 mixin compatibility
[21:52:36] [main/DEBUG] (Quilt Loader/Mixin) Assuming Quilt mod quilt_screen uses 0.10.0 mixin compatibility
[21:52:36] [main/DEBUG] (Quilt Loader/Mixin) Assuming Quilt mod quilt_entity_events uses 0.10.0 mixin compatibility
[21:52:36] [main/DEBUG] (Quilt Loader/Mixin) Assuming Quilt mod quilted_fabric_game_rule_api_v1 uses 0.10.0 mixin compatibility
[21:52:36] [main/DEBUG] (Quilt Loader/Mixin) Mod mixinextras requires loader version 0.14.25, using mixin compatibility 10000
[21:52:36] [main/DEBUG] (Quilt Loader/Mixin) Assuming Quilt mod quilt_item_extensions uses 0.10.0 mixin compatibility
[21:52:36] [main/DEBUG] (Quilt Loader/Mixin) Assuming Quilt mod quilt_tags uses 0.10.0 mixin compatibility
[21:52:36] [main/DEBUG] (Quilt Loader/Mixin) Assuming Quilt mod quilted_fabric_lifecycle_events_v1 uses 0.10.0 mixin compatibility
[21:52:36] [main/DEBUG] (Quilt Loader/Mixin) Assuming Quilt mod quilt_crash_info uses 0.10.0 mixin compatibility
[21:52:36] [main/DEBUG] (Quilt Loader/Mixin) Assuming Quilt mod quilt_resource_loader uses 0.10.0 mixin compatibility
[21:52:36] [main/DEBUG] (Quilt Loader/Mixin) Assuming Quilt mod quilted_fabric_api_lookup_api_v1 uses 0.10.0 mixin compatibility
[21:52:36] [main/DEBUG] (Quilt Loader/Mixin) Assuming Quilt mod quilt_registry uses 0.10.0 mixin compatibility
[21:52:36] [main/DEBUG] (Quilt Loader/Mixin) Assuming Quilt mod quilt_advancement uses 0.10.0 mixin compatibility
[21:52:36] [main/DEBUG] (Quilt Loader/Mixin) Assuming Quilt mod quilted_fabric_renderer_api_v1 uses 0.10.0 mixin compatibility
[21:52:36] [main/DEBUG] (Quilt Loader/Mixin) Assuming Quilt mod quilt_entity_multipart uses 0.10.0 mixin compatibility
[21:52:36] [main/DEBUG] (Quilt Loader/Mixin) Assuming Quilt mod generated_e41a58a uses 0.10.0 mixin compatibility
[21:52:36] [main/DEBUG] (Quilt Loader/Mixin) Assuming Quilt mod tc uses 0.10.0 mixin compatibility
[21:52:36] [main/DEBUG] (Quilt Loader/Mixin) Assuming Quilt mod quilted_fabric_sound_api_v1 uses 0.10.0 mixin compatibility
[21:52:36] [main/DEBUG] (Quilt Loader/Mixin) Assuming Quilt mod quilt_dimension uses 0.10.0 mixin compatibility
[21:52:36] [main/DEBUG] (Quilt Loader/Mixin) Assuming Quilt mod quilt_entity_networking uses 0.10.0 mixin compatibility
[21:52:36] [main/DEBUG] (Quilt Loader/Mixin) Assuming Quilt mod quilted_fabric_object_builder_api_v1 uses 0.10.0 mixin compatibility
[21:52:36] [main/DEBUG] (Quilt Loader/Mixin) Assuming Quilt mod quilt_chat uses 0.10.0 mixin compatibility
[21:52:36] [main/DEBUG] (Quilt Loader/Mixin) Assuming Quilt mod quilted_fabric_model_loading_api_v1 uses 0.10.0 mixin compatibility
[21:52:36] [main/DEBUG] (Quilt Loader/Mixin) Assuming Quilt mod quilt_data_callback uses 0.10.0 mixin compatibility
[21:52:36] [main/DEBUG] (Quilt Loader/Mixin) Assuming Quilt mod quilted_fabric_transfer_api_v1 uses 0.10.0 mixin compatibility
[21:52:36] [main/DEBUG] (Quilt Loader/Mixin) Assuming Quilt mod quilted_fabric_networking_api_v1 uses 0.10.0 mixin compatibility
[21:52:36] [main/DEBUG] (Quilt Loader/Mixin) Assuming Quilt mod quilted_fabric_screen_handler_api_v1 uses 0.10.0 mixin compatibility
[21:52:36] [main/DEBUG] (Quilt Loader/Mixin) Assuming Quilt mod quilted_fabric_block_api_v1 uses 0.10.0 mixin compatibility
[21:52:36] [main/DEBUG] (Quilt Loader/Mixin) Assuming Quilt mod quilted_fabric_rendering_fluids_v1 uses 0.10.0 mixin compatibility
[21:52:36] [main/DEBUG] (Quilt Loader/Mixin) Assuming Quilt mod quilted_fabric_loot_api_v2 uses 0.10.0 mixin compatibility
[21:52:36] [main/DEBUG] (Quilt Loader/Mixin) Assuming Quilt mod quilt_block_extensions uses 0.10.0 mixin compatibility
[21:52:36] [main/DEBUG] (Quilt Loader/Mixin) Assuming Quilt mod quilt_client_command uses 0.10.0 mixin compatibility
[21:52:36] [main/DEBUG] (Quilt Loader/Mixin) Assuming Quilt mod quilt_entity uses 0.10.0 mixin compatibility
[21:52:36] [main/DEBUG] (Quilt Loader/Mixin) Assuming Quilt mod quilt_biome uses 0.10.0 mixin compatibility
[21:52:36] [main/DEBUG] (Quilt Loader/Mixin) Assuming Quilt mod quilt_networking uses 0.10.0 mixin compatibility
[21:52:36] [main/DEBUG] (Quilt Loader/Mixin) Assuming Quilt mod quilted_fabric_transitive_access_wideners_v1 uses 0.10.0 mixin compatibility
[21:52:36] [main/DEBUG] (Quilt Loader/Mixin) Assuming Quilt mod quilt_command uses 0.10.0 mixin compatibility
[21:52:36] [main/DEBUG] (Quilt Loader/Mixin) Assuming Quilt mod quilt_surface_rule uses 0.10.0 mixin compatibility
[21:52:36] [main/DEBUG] (Quilt Loader/Mixin) Assuming Quilt mod quilt_testing uses 0.10.0 mixin compatibility
[21:52:36] [main/DEBUG] (Quilt Loader/Mixin) Assuming Quilt mod quilted_fabric_item_api_v1 uses 0.10.0 mixin compatibility
[21:52:36] [main/DEBUG] (Quilt Loader/Mixin) Assuming Quilt mod quilted_fabric_resource_loader_v0 uses 0.10.0 mixin compatibility
[21:52:36] [main/DEBUG] (Quilt Loader/Mixin) Assuming Quilt mod quilt_item_setting uses 0.10.0 mixin compatibility
[21:52:36] [main/DEBUG] (Quilt Loader/Mixin) Assuming Quilt mod quilt_block_content_registry uses 0.10.0 mixin compatibility
[21:52:36] [main/DEBUG] (Quilt Loader/Mixin) Assuming Quilt mod quilted_fabric_convention_tags_api_v1 uses 0.10.0 mixin compatibility
[21:52:36] [main/DEBUG] (Quilt Loader/Mixin) Assuming Quilt mod minecraft uses 0.10.0 mixin compatibility
[21:52:36] [main/DEBUG] (Quilt Loader/Mixin) Assuming Quilt mod quilted_fabric_client_tags_api_v1 uses 0.10.0 mixin compatibility
[21:52:36] [main/DEBUG] (Quilt Loader/Mixin) Assuming Quilt mod quilt_base uses 0.10.0 mixin compatibility
[21:52:36] [main/DEBUG] (Quilt Loader/Mixin) Assuming Quilt mod quilted_fabric_item_group_api_v1 uses 0.10.0 mixin compatibility
[21:52:36] [main/DEBUG] (Quilt Loader/Mixin) Assuming Quilt mod quilted_fabric_crash_report_info_v1 uses 0.10.0 mixin compatibility
[21:52:36] [main/DEBUG] (Quilt Loader/Mixin) Assuming Quilt mod quilt_loader uses 0.10.0 mixin compatibility
[21:52:36] [main/DEBUG] (Quilt Loader/Mixin) Mod architectury requires loader version 0.14.0, using mixin compatibility 10000
[21:52:36] [main/DEBUG] (Quilt Loader/Mixin) Assuming Quilt mod quilted_fabric_rendering_v1 uses 0.10.0 mixin compatibility
[21:52:36] [main/DEBUG] (Quilt Loader/Mixin) Assuming Quilt mod quilted_fabric_particles_v1 uses 0.10.0 mixin compatibility
[21:52:36] [main/DEBUG] (Quilt Loader/Mixin) Assuming Quilt mod quilted_fabric_api_base uses 0.10.0 mixin compatibility
[21:52:36] [main/DEBUG] (Quilt Loader/Mixin) Assuming Quilt mod quilted_fabric_resource_conditions_api_v1 uses 0.10.0 mixin compatibility
[21:52:36] [main/DEBUG] (Quilt Loader/Mixin) Assuming Quilt mod quilt_villager uses 0.10.0 mixin compatibility
[21:52:36] [main/DEBUG] (Quilt Loader/Mixin) Assuming Quilt mod quilted_fabric_mining_level_api_v1 uses 0.10.0 mixin compatibility
[21:52:36] [main/DEBUG] (Quilt Loader/Mixin) Assuming Quilt mod quilt_point_of_interest uses 0.10.0 mixin compatibility
[21:52:36] [main/DEBUG] (Quilt Loader/Mixin) Assuming Quilt mod quilt_entity_rendering uses 0.10.0 mixin compatibility
[21:52:36] [main/DEBUG] (Quilt Loader/Mixin) Assuming Quilt mod quilted_fabric_key_binding_api_v1 uses 0.10.0 mixin compatibility
[21:52:36] [main/DEBUG] (Quilt Loader/Mixin) Assuming Quilt mod quilt_tooltip uses 0.10.0 mixin compatibility
[21:52:36] [main/DEBUG] (Quilt Loader/Mixin) Assuming Quilt mod quilted_fabric_recipe_api_v1 uses 0.10.0 mixin compatibility
[21:52:36] [main/DEBUG] (Quilt Loader/Mixin) Assuming Quilt mod quilted_fabric_data_generation_api_v1 uses 0.10.0 mixin compatibility
[21:52:37] [main/INFO] (Quilt Loader/Cache) Not reusing previous transform cache since it's missing
[21:52:37] [main/ERROR] (Quilt Loader) Uncaught exception in thread "main"
java.io.UncheckedIOException: java.nio.file.NoSuchFileException: /home/jamiececcarelli/Documents/mods/Traincraft-1.20.1/quilt/build/resources/main/tc.mixins.json
	at org.quiltmc.loader.impl.transformer.TransformCache.extractRefmap(TransformCache.java:224) ~[quilt-loader-0.30.0-beta.0.jar:?]
	at org.quiltmc.loader.impl.transformer.TransformCache.<init>(TransformCache.java:87) ~[quilt-loader-0.30.0-beta.0.jar:?]
	at org.quiltmc.loader.impl.transformer.TransformCacheGenerator.generate(TransformCacheGenerator.java:46) ~[quilt-loader-0.30.0-beta.0.jar:?]
	at org.quiltmc.loader.impl.transformer.TransformCacheManager.writeTransformCache(TransformCacheManager.java:302) ~[quilt-loader-0.30.0-beta.0.jar:?]
	at org.quiltmc.loader.impl.transformer.TransformCacheManager.createTransformCache(TransformCacheManager.java:275) ~[quilt-loader-0.30.0-beta.0.jar:?]
	at org.quiltmc.loader.impl.transformer.TransformCacheManager.populateTransformBundle(TransformCacheManager.java:105) ~[quilt-loader-0.30.0-beta.0.jar:?]
	at org.quiltmc.loader.impl.QuiltLoaderImpl.setup(QuiltLoaderImpl.java:377) ~[quilt-loader-0.30.0-beta.0.jar:?]
	at org.quiltmc.loader.impl.QuiltLoaderImpl.load(QuiltLoaderImpl.java:306) ~[quilt-loader-0.30.0-beta.0.jar:?]
	at org.quiltmc.loader.impl.launch.knot.Knot.init(Knot.java:150) ~[quilt-loader-0.30.0-beta.0.jar:?]
	at org.quiltmc.loader.impl.launch.knot.Knot.launch(Knot.java:79) ~[quilt-loader-0.30.0-beta.0.jar:?]
	at org.quiltmc.loader.impl.launch.knot.KnotClient.main(KnotClient.java:28) ~[quilt-loader-0.30.0-beta.0.jar:?]
	at net.fabricmc.devlaunchinjector.Main.main(Main.java:86) ~[dev-launch-injector-0.2.1+build.8.jar:?]
	at dev.architectury.transformer.TransformerRuntime.main(TransformerRuntime.java:220) ~[architectury-transformer-5.2.87-runtime.jar:5.2.87]
Caused by: java.nio.file.NoSuchFileException: /home/jamiececcarelli/Documents/mods/Traincraft-1.20.1/quilt/build/resources/main/tc.mixins.json
	at sun.nio.fs.UnixException.translateToIOException(UnixException.java:92) ~[?:?]
	at sun.nio.fs.UnixException.rethrowAsIOException(UnixException.java:106) ~[?:?]
	at sun.nio.fs.UnixException.rethrowAsIOException(UnixException.java:111) ~[?:?]
	at sun.nio.fs.UnixFileSystemProvider.newByteChannel(UnixFileSystemProvider.java:261) ~[?:?]
	at java.nio.file.Files.newByteChannel(Files.java:380) ~[?:?]
	at java.nio.file.Files.newByteChannel(Files.java:432) ~[?:?]
	at java.nio.file.spi.FileSystemProvider.newInputStream(FileSystemProvider.java:420) ~[?:?]
	at java.nio.file.Files.newInputStream(Files.java:160) ~[?:?]
	at java.nio.file.Files.newBufferedReader(Files.java:2910) ~[?:?]
	at java.nio.file.Files.newBufferedReader(Files.java:2943) ~[?:?]
	at org.quiltmc.loader.impl.lib.parsers.json.JsonReader.<init>(JsonReader.java:353) ~[quilt-loader-0.30.0-beta.0.jar:?]
	at org.quiltmc.loader.impl.lib.parsers.json.JsonReader.json(JsonReader.java:319) ~[quilt-loader-0.30.0-beta.0.jar:?]
	at org.quiltmc.loader.impl.transformer.TransformCache.extractRefmap(TransformCache.java:213) ~[quilt-loader-0.30.0-beta.0.jar:?]
	... 12 more
[21:52:37] [main/ERROR] (Quilt Loader) Crashed! The full crash report has been saved to /home/jamiececcarelli/Documents/mods/Traincraft-1.20.1/quilt/run/crash-reports/crash-2026-01-13_21.52.37.1746-quilt_loader.txt
[21:52:37] [main/ERROR] (Quilt Loader) Partial Report:
---- Crashed! ----
Date/Time: 2026/01/13 21:52:37.3011 [+0000]
Quilt Loader Version: 0.30.0-beta.0

-- Crash --

java.io.UncheckedIOException: java.nio.file.NoSuchFileException: /home/jamiececcarelli/Documents/mods/Traincraft-1.20.1/quilt/build/resources/main/tc.mixins.json
	at org.quiltmc.loader.impl.transformer.TransformCache.extractRefmap(TransformCache.java:224)
	at org.quiltmc.loader.impl.transformer.TransformCache.<init>(TransformCache.java:87)
	at org.quiltmc.loader.impl.transformer.TransformCacheGenerator.generate(TransformCacheGenerator.java:46)
	at org.quiltmc.loader.impl.transformer.TransformCacheManager.writeTransformCache(TransformCacheManager.java:302)
	at org.quiltmc.loader.impl.transformer.TransformCacheManager.createTransformCache(TransformCacheManager.java:275)
	at org.quiltmc.loader.impl.transformer.TransformCacheManager.populateTransformBundle(TransformCacheManager.java:105)
	at org.quiltmc.loader.impl.QuiltLoaderImpl.setup(QuiltLoaderImpl.java:377)
	at org.quiltmc.loader.impl.QuiltLoaderImpl.load(QuiltLoaderImpl.java:306)
	at org.quiltmc.loader.impl.launch.knot.Knot.init(Knot.java:150)
	at org.quiltmc.loader.impl.launch.knot.Knot.launch(Knot.java:79)
	at org.quiltmc.loader.impl.launch.knot.KnotClient.main(KnotClient.java:28)
	at net.fabricmc.devlaunchinjector.Main.main(Main.java:86)
	at dev.architectury.transformer.TransformerRuntime.main(TransformerRuntime.java:220)
Caused by: java.nio.file.NoSuchFileException: /home/jamiececcarelli/Documents/mods/Traincraft-1.20.1/quilt/build/resources/main/tc.mixins.json
	at java.base/sun.nio.fs.UnixException.translateToIOException(UnixException.java:92)
	at java.base/sun.nio.fs.UnixException.rethrowAsIOException(UnixException.java:106)
	at java.base/sun.nio.fs.UnixException.rethrowAsIOException(UnixException.java:111)
	at java.base/sun.nio.fs.UnixFileSystemProvider.newByteChannel(UnixFileSystemProvider.java:261)
	at java.base/java.nio.file.Files.newByteChannel(Files.java:380)
	at java.base/java.nio.file.Files.newByteChannel(Files.java:432)
	at java.base/java.nio.file.spi.FileSystemProvider.newInputStream(FileSystemProvider.java:420)
	at java.base/java.nio.file.Files.newInputStream(Files.java:160)
	at java.base/java.nio.file.Files.newBufferedReader(Files.java:2910)
	at java.base/java.nio.file.Files.newBufferedReader(Files.java:2943)
	at org.quiltmc.loader.impl.lib.parsers.json.JsonReader.<init>(JsonReader.java:353)
	at org.quiltmc.loader.impl.lib.parsers.json.JsonReader.json(JsonReader.java:319)
	at org.quiltmc.loader.impl.transformer.TransformCache.extractRefmap(TransformCache.java:213)
	... 12 more


-- Mods --

| Index | Mod                                               | ID                                           | Version             | Type                     | File Hash (SHA-1)                        | File(s)                                                                                                                                                                                                                                                                       |
|------:|---------------------------------------------------|----------------------------------------------|---------------------|--------------------------|------------------------------------------|-------------------------------------------------------------------------------------------------------------------------------------------------------------------------------------------------------------------------------------------------------------------------------|
|    72 | Architectury                                      | architectury                                 | 9.2.14              | pl:quilted_fabric_loader | a2c030da389ea9c4054c49fcd9dfd3fb2ff92969 | <user>/Documents/mods/Traincraft-1.20.1/.gradle/loom-cache/remapped_mods/remapped/dev/architectury/architectury-fabric-f98a7a99/9.2.14/architectury-fabric-f98a7a99-9.2.14.jar                                                                                                |
|    37 | Generated Mod (Please Ignore)                     | generated_e41a58a                            | 1.0.0               | pl:quilt_loader          | 4fc6ff1ae7b2e58f0ddc160b77ed662958fcd136 | /tmp/11934309570096520095.jar                                                                                                                                                                                                                                                 |
|     3 | Generated Mod (Please Ignore)                     | generated_3c45923                            | 1.0.0               | pl:quilt_loader          | a2eef71d1f46769eb481ae1f4bb436c66480f1b8 | /tmp/10953556308271174871.jar                                                                                                                                                                                                                                                 |
|    66 | Minecraft                                         | minecraft                                    | 1.20.1              | pl:quilt_loader          | 788861c815d91cb3fa6d163e00d30c545ca694b8 | <user>/Documents/mods/Traincraft-1.20.1/.gradle/loom-cache/minecraftMaven/net/minecraft/minecraft-merged-7bc0198b44/1.20.1-loom.mappings.1_20_1.layered+hash.40359-v2-arch-quilt/minecraft-merged-7bc0198b44-1.20.1-loom.mappings.1_20_1.layered+hash.40359-v2-arch-quilt.jar |
|    26 | MixinExtras                                       | mixinextras                                  | 0.5.0               | pl:quilted_fabric_loader | 91a83dfb7abd32f6236bd1fcf5cff143d59a13   | <user>/.gradle/caches/modules-2/files-2.1/io.github.llamalad7/mixinextras-fabric/0.5.0/91a83dfb7abd320f6236bd1fcf5c0ff143d59a13/mixinextras-fabric-0.5.0.jar                                                                                                                  |
|     7 | OpenJDK 64-Bit Server VM                          | java                                         | 21                  | pl:quilt_loader          |                                          | <user>/Downloads/mcreator/MCreator20253/jdk                                                                                                                                                                                                                                   |
|    34 | Quilt Advancement API                             | quilt_advancement                            | 6.3.0+1.20.1        | pl:quilt_loader          | 8fe9515878f23a71856c0cebf4e8b74ba18b81cb | <user>/Documents/mods/Traincraft-1.20.1/.gradle/loom-cache/remapped_mods/remapped/org/quiltmc/qsl/data/advancement-f98a7a99/6.3.0+1.20.1/advancement-f98a7a99-6.3.0+1.20.1.jar                                                                                                |
|    68 | Quilt Base API                                    | quilt_base                                   | 6.3.0+1.20.1        | pl:quilt_loader          | b5fad389e64bcfd12e7ef4ccac863d20bedec4b9 | <user>/Documents/mods/Traincraft-1.20.1/.gradle/loom-cache/remapped_mods/remapped/org/quiltmc/qsl/core/qsl_base-f98a7a99/6.3.0+1.20.1/qsl_base-f98a7a99-6.3.0+1.20.1.jar                                                                                                      |
|    55 | Quilt Biome API                                   | quilt_biome                                  | 6.3.0+1.20.1        | pl:quilt_loader          | 92ffaefae3d088a6609c4111e92fc1692dda5724 | <user>/Documents/mods/Traincraft-1.20.1/.gradle/loom-cache/remapped_mods/remapped/org/quiltmc/qsl/worldgen/biome-f98a7a99/6.3.0+1.20.1/biome-f98a7a99-6.3.0+1.20.1.jar                                                                                                        |
|    64 | Quilt Block Content Registry API                  | quilt_block_content_registry                 | 6.3.0+1.20.1        | pl:quilt_loader          | 69e765db7ecdeee87275a86a6782d9206fdde35e | <user>/Documents/mods/Traincraft-1.20.1/.gradle/loom-cache/remapped_mods/remapped/org/quiltmc/qsl/block/block_content_registry-f98a7a99/6.3.0+1.20.1/block_content_registry-f98a7a99-6.3.0+1.20.1.jar                                                                         |
|    10 | Quilt Block Entity API                            | quilt_block_entity                           | 6.3.0+1.20.1        | pl:quilt_loader          | 18c1b2a7ede4b6a2fc1da888b35fad996e7c1c7d | <user>/Documents/mods/Traincraft-1.20.1/.gradle/loom-cache/remapped_mods/remapped/org/quiltmc/qsl/block/block_entity-f98a7a99/6.3.0+1.20.1/block_entity-f98a7a99-6.3.0+1.20.1.jar                                                                                             |
|    52 | Quilt Block Extensions API                        | quilt_block_extensions                       | 6.3.0+1.20.1        | pl:quilt_loader          | 5cf9dff81b65a81a850278e44f5112a4c84e9aeb | <user>/Documents/mods/Traincraft-1.20.1/.gradle/loom-cache/remapped_mods/remapped/org/quiltmc/qsl/block/block_extensions-f98a7a99/6.3.0+1.20.1/block_extensions-f98a7a99-6.3.0+1.20.1.jar                                                                                     |
|    43 | Quilt Chat API                                    | quilt_chat                                   | 6.3.0+1.20.1        | pl:quilt_loader          | 35319248316091478bc6fac3d39dd1f0443de407 | <user>/Documents/mods/Traincraft-1.20.1/.gradle/loom-cache/remapped_mods/remapped/org/quiltmc/qsl/management/chat-f98a7a99/6.3.0+1.20.1/chat-f98a7a99-6.3.0+1.20.1.jar                                                                                                        |
|    53 | Quilt Client Command API                          | quilt_client_command                         | 6.3.0+1.20.1        | pl:quilt_loader          | 96bb1d3cb2870bc3d27c18f8270260f223d3d500 | <user>/Documents/mods/Traincraft-1.20.1/.gradle/loom-cache/remapped_mods/remapped/org/quiltmc/qsl/management/client_command-f98a7a99/6.3.0+1.20.1/client_command-f98a7a99-6.3.0+1.20.1.jar                                                                                    |
|    58 | Quilt Command API                                 | quilt_command                                | 6.3.0+1.20.1        | pl:quilt_loader          | de352f5078493788eee31882261633760c15a220 | <user>/Documents/mods/Traincraft-1.20.1/.gradle/loom-cache/remapped_mods/remapped/org/quiltmc/qsl/management/command-f98a7a99/6.3.0+1.20.1/command-f98a7a99-6.3.0+1.20.1.jar                                                                                                  |
|    30 | Quilt Crash Info                                  | quilt_crash_info                             | 6.3.0+1.20.1        | pl:quilt_loader          | 55bef169a4003693e8105f598820a3704df4aee0 | <user>/Documents/mods/Traincraft-1.20.1/.gradle/loom-cache/remapped_mods/remapped/org/quiltmc/qsl/core/crash_info-f98a7a99/6.3.0+1.20.1/crash_info-f98a7a99-6.3.0+1.20.1.jar                                                                                                  |
|    45 | Quilt Data Callback API                           | quilt_data_callback                          | 6.3.0+1.20.1        | pl:quilt_loader          | 925c5abba25e128914a398abbae5609f15401f1e | <user>/Documents/mods/Traincraft-1.20.1/.gradle/loom-cache/remapped_mods/remapped/org/quiltmc/qsl/core/data_callback-f98a7a99/6.3.0+1.20.1/data_callback-f98a7a99-6.3.0+1.20.1.jar                                                                                            |
|    40 | Quilt Dimension API                               | quilt_dimension                              | 6.3.0+1.20.1        | pl:quilt_loader          | 59194588bcb7ab9bbb9e183d635d240de25fe46f | <user>/Documents/mods/Traincraft-1.20.1/.gradle/loom-cache/remapped_mods/remapped/org/quiltmc/qsl/worldgen/dimension-f98a7a99/6.3.0+1.20.1/dimension-f98a7a99-6.3.0+1.20.1.jar                                                                                                |
|    54 | Quilt Entity API                                  | quilt_entity                                 | 6.3.0+1.20.1        | pl:quilt_loader          | d939ff8f6b1c2c2340bda5b1ccf7b8cb257889f5 | <user>/Documents/mods/Traincraft-1.20.1/.gradle/loom-cache/remapped_mods/remapped/org/quiltmc/qsl/entity/entity-f98a7a99/6.3.0+1.20.1/entity-f98a7a99-6.3.0+1.20.1.jar                                                                                                        |
|    24 | Quilt Entity Events                               | quilt_entity_events                          | 6.3.0+1.20.1        | pl:quilt_loader          | d0f11b81b9262be18ae65bb70c807f67888e5346 | <user>/Documents/mods/Traincraft-1.20.1/.gradle/loom-cache/remapped_mods/remapped/org/quiltmc/qsl/entity/entity_events-f98a7a99/6.3.0+1.20.1/entity_events-f98a7a99-6.3.0+1.20.1.jar                                                                                          |
|    41 | Quilt Entity Networking API                       | quilt_entity_networking                      | 6.3.0+1.20.1        | pl:quilt_loader          | edc939f44d556f19df22e294d6453d50c695f5e7 | <user>/Documents/mods/Traincraft-1.20.1/.gradle/loom-cache/remapped_mods/remapped/org/quiltmc/qsl/entity/entity_networking-f98a7a99/6.3.0+1.20.1/entity_networking-f98a7a99-6.3.0+1.20.1.jar                                                                                  |
|    80 | Quilt Entity Rendering API                        | quilt_entity_rendering                       | 6.3.0+1.20.1        | pl:quilt_loader          | 00700af274c4a27bc2806f9270909f3642fef6ab | <user>/Documents/mods/Traincraft-1.20.1/.gradle/loom-cache/remapped_mods/remapped/org/quiltmc/qsl/rendering/entity_rendering-f98a7a99/6.3.0+1.20.1/entity_rendering-f98a7a99-6.3.0+1.20.1.jar                                                                                 |
|    17 | Quilt Item Content Registry API                   | quilt_item_content_registry                  | 6.3.0+1.20.1        | pl:quilt_loader          | 0745c0aeb1d1994089276d2918af511070234ff9 | <user>/Documents/mods/Traincraft-1.20.1/.gradle/loom-cache/remapped_mods/remapped/org/quiltmc/qsl/item/item_content_registry-f98a7a99/6.3.0+1.20.1/item_content_registry-f98a7a99-6.3.0+1.20.1.jar                                                                            |
|    27 | Quilt Item Extensions API                         | quilt_item_extensions                        | 6.3.0+1.20.1        | pl:quilt_loader          | 98ced2bd6f3d20d8e5b5f1642d651a0b51b9f5af | <user>/Documents/mods/Traincraft-1.20.1/.gradle/loom-cache/remapped_mods/remapped/org/quiltmc/qsl/item/item_extensions-f98a7a99/6.3.0+1.20.1/item_extensions-f98a7a99-6.3.0+1.20.1.jar                                                                                        |
|    63 | Quilt Item Setting API                            | quilt_item_setting                           | 6.3.0+1.20.1        | pl:quilt_loader          | 96ae4aed9c04b78336fd468658efd8a38c5d2aea | <user>/Documents/mods/Traincraft-1.20.1/.gradle/loom-cache/remapped_mods/remapped/org/quiltmc/qsl/item/item_setting-f98a7a99/6.3.0+1.20.1/item_setting-f98a7a99-6.3.0+1.20.1.jar                                                                                              |
|    14 | Quilt Lifecycle Events                            | quilt_lifecycle_events                       | 6.3.0+1.20.1        | pl:quilt_loader          | d6f2f8d8d9ffb7c0ab56e76f75c68cff64a9cfdf | <user>/Documents/mods/Traincraft-1.20.1/.gradle/loom-cache/remapped_mods/remapped/org/quiltmc/qsl/core/lifecycle_events-f98a7a99/6.3.0+1.20.1/lifecycle_events-f98a7a99-6.3.0+1.20.1.jar                                                                                      |
|    71 | Quilt Loader                                      | quilt_loader                                 | 0.30.0-beta.0       | pl:quilt_loader          | 1260495606215f928df6e706141da67771fa868a | <user>/.gradle/caches/modules-2/files-2.1/org.quiltmc/quilt-loader/0.30.0-beta.0/1260495606215f928df6e706141da67771fa868a/quilt-loader-0.30.0-beta.0.jar                                                                                                                      |
|    36 | Quilt Multipart Entity API                        | quilt_entity_multipart                       | 6.3.0+1.20.1        | pl:quilt_loader          | 75138cc31aa33de72e40b3194c2e053c12117c23 | <user>/Documents/mods/Traincraft-1.20.1/.gradle/loom-cache/remapped_mods/remapped/org/quiltmc/qsl/entity/multipart-f98a7a99/6.3.0+1.20.1/multipart-f98a7a99-6.3.0+1.20.1.jar                                                                                                  |
|    56 | Quilt Networking                                  | quilt_networking                             | 6.3.0+1.20.1        | pl:quilt_loader          | cf4495182d83e02e3d3816798c59ff24fdcd70b  | <user>/Documents/mods/Traincraft-1.20.1/.gradle/loom-cache/remapped_mods/remapped/org/quiltmc/qsl/core/networking-f98a7a99/6.3.0+1.20.1/networking-f98a7a99-6.3.0+1.20.1.jar                                                                                                  |
|    79 | Quilt Point of Interest API                       | quilt_point_of_interest                      | 6.3.0+1.20.1        | pl:quilt_loader          | 93f9e549a0b9d152b09feb8ff24d130c1c0282df | <user>/Documents/mods/Traincraft-1.20.1/.gradle/loom-cache/remapped_mods/remapped/org/quiltmc/qsl/entity/point_of_interest-f98a7a99/6.3.0+1.20.1/point_of_interest-f98a7a99-6.3.0+1.20.1.jar                                                                                  |
|    21 | Quilt Recipe API                                  | quilt_recipe                                 | 6.3.0+1.20.1        | pl:quilt_loader          | 628651db035a45e5134f0d99f4391f058cf0db98 | <user>/Documents/mods/Traincraft-1.20.1/.gradle/loom-cache/remapped_mods/remapped/org/quiltmc/qsl/data/recipe-f98a7a99/6.3.0+1.20.1/recipe-f98a7a99-6.3.0+1.20.1.jar                                                                                                          |
|    33 | Quilt Registry API                                | quilt_registry                               | 6.3.0+1.20.1        | pl:quilt_loader          | c7b2d5e3a1b0e81b80f56c596bc7b44247902f57 | <user>/Documents/mods/Traincraft-1.20.1/.gradle/loom-cache/remapped_mods/remapped/org/quiltmc/qsl/core/registry-f98a7a99/6.3.0+1.20.1/registry-f98a7a99-6.3.0+1.20.1.jar                                                                                                      |
|    18 | Quilt Registry Entry Attachment                   | quilt_registry_entry_attachment              | 6.3.0+1.20.1        | pl:quilt_loader          | 2d359fedcc90d50366edcc81de076fab6ad49685 | <user>/Documents/mods/Traincraft-1.20.1/.gradle/loom-cache/remapped_mods/remapped/org/quiltmc/qsl/data/registry_entry_attachment-f98a7a99/6.3.0+1.20.1/registry_entry_attachment-f98a7a99-6.3.0+1.20.1.jar                                                                    |
|    31 | Quilt Resource Loader                             | quilt_resource_loader                        | 6.3.0+1.20.1        | pl:quilt_loader          | e21450c8d3e47ac902a89e9e8bc6b672a5957f54 | <user>/Documents/mods/Traincraft-1.20.1/.gradle/loom-cache/remapped_mods/remapped/org/quiltmc/qsl/core/resource_loader-f98a7a99/6.3.0+1.20.1/resource_loader-f98a7a99-6.3.0+1.20.1.jar                                                                                        |
|    23 | Quilt Screen API                                  | quilt_screen                                 | 6.3.0+1.20.1        | pl:quilt_loader          | 8a4ad8e55cb4d82e37024a8f1e437776d59e9e13 | <user>/Documents/mods/Traincraft-1.20.1/.gradle/loom-cache/remapped_mods/remapped/org/quiltmc/qsl/gui/screen-f98a7a99/6.3.0+1.20.1/screen-f98a7a99-6.3.0+1.20.1.jar                                                                                                           |
|    11 | Quilt Status Effect API                           | quilt_status_effect                          | 6.3.0+1.20.1        | pl:quilt_loader          | 7ef4967047de9ed98105d96443a975786fe65cd6 | <user>/Documents/mods/Traincraft-1.20.1/.gradle/loom-cache/remapped_mods/remapped/org/quiltmc/qsl/entity/status_effect-f98a7a99/6.3.0+1.20.1/status_effect-f98a7a99-6.3.0+1.20.1.jar                                                                                          |
|    59 | Quilt Surface Rule API                            | quilt_surface_rule                           | 6.3.0+1.20.1        | pl:quilt_loader          | 2152c3c42896df24a5a450ec13dcc388afeb7cc1 | <user>/Documents/mods/Traincraft-1.20.1/.gradle/loom-cache/remapped_mods/remapped/org/quiltmc/qsl/worldgen/surface_rule-f98a7a99/6.3.0+1.20.1/surface_rule-f98a7a99-6.3.0+1.20.1.jar                                                                                          |
|    28 | Quilt Tags API                                    | quilt_tags                                   | 6.3.0+1.20.1        | pl:quilt_loader          | f0bd26f1b6b5368f9f7c7f8a1ac0fc38faf23ada | <user>/Documents/mods/Traincraft-1.20.1/.gradle/loom-cache/remapped_mods/remapped/org/quiltmc/qsl/data/tags-f98a7a99/6.3.0+1.20.1/tags-f98a7a99-6.3.0+1.20.1.jar                                                                                                              |
|    60 | Quilt Testing API                                 | quilt_testing                                | 6.3.0+1.20.1        | pl:quilt_loader          | 45279cd16a23b1cdf624e738010611c56fa848e3 | <user>/Documents/mods/Traincraft-1.20.1/.gradle/loom-cache/remapped_mods/remapped/org/quiltmc/qsl/core/testing-f98a7a99/6.3.0+1.20.1/testing-f98a7a99-6.3.0+1.20.1.jar                                                                                                        |
|    82 | Quilt Tooltip API                                 | quilt_tooltip                                | 6.3.0+1.20.1        | pl:quilt_loader          | 13ec62c9f5323088a12c1ae8f29f7c83ba1ef05c | <user>/Documents/mods/Traincraft-1.20.1/.gradle/loom-cache/remapped_mods/remapped/org/quiltmc/qsl/gui/tooltip-f98a7a99/6.3.0+1.20.1/tooltip-f98a7a99-6.3.0+1.20.1.jar                                                                                                         |
|    15 | Quilt Vehicle API                                 | quilt_vehicle                                | 6.3.0+1.20.1        | pl:quilt_loader          | 32c8c755be3bf5b89b029c0e00462716f97fe33e | <user>/Documents/mods/Traincraft-1.20.1/.gradle/loom-cache/remapped_mods/remapped/org/quiltmc/qsl/entity/vehicle-f98a7a99/6.3.0+1.20.1/vehicle-f98a7a99-6.3.0+1.20.1.jar                                                                                                      |
|    77 | Quilt Villager API                                | quilt_villager                               | 6.3.0+1.20.1        | pl:quilt_loader          | 3b2afa2b3c7c13fa444ab090414205ed7ea0e8f5 | <user>/Documents/mods/Traincraft-1.20.1/.gradle/loom-cache/remapped_mods/remapped/org/quiltmc/qsl/entity/villager-f98a7a99/6.3.0+1.20.1/villager-f98a7a99-6.3.0+1.20.1.jar                                                                                                    |
|     9 | Quilted Fabric API                                | quilted_fabric_api                           | 7.7.0+0.92.2-1.20.1 | pl:quilt_loader          | b2923ba4dafacc8b19fc0016fbd9d630bf3b3cc9 | <user>/Documents/mods/Traincraft-1.20.1/.gradle/loom-cache/remapped_mods/remapped/org/quiltmc/quilted-fabric-api/quilted-fabric-api-f98a7a99/7.7.0+0.92.2-1.20.1/quilted-fabric-api-f98a7a99-7.7.0+0.92.2-1.20.1.jar                                                          |
|    75 | Quilted Fabric API Base                           | quilted_fabric_api_base                      | 7.7.0+0.92.2-1.20.1 | pl:quilt_loader          | 89a02fe0ab54c502d10241dd74af37568a36b425 | <user>/Documents/mods/Traincraft-1.20.1/.gradle/loom-cache/remapped_mods/remapped/org/quiltmc/quilted-fabric-api/fabric-api-base-f98a7a99/7.7.0+0.92.2-1.20.1/fabric-api-base-f98a7a99-7.7.0+0.92.2-1.20.1.jar                                                                |
|    32 | Quilted Fabric API Lookup API (v1)                | quilted_fabric_api_lookup_api_v1             | 7.7.0+0.92.2-1.20.1 | pl:quilt_loader          | 1fc8517ea6d03aa5e98ed2ddcc39fd09ca4dbfa4 | <user>/Documents/mods/Traincraft-1.20.1/.gradle/loom-cache/remapped_mods/remapped/org/quiltmc/quilted-fabric-api/fabric-api-lookup-api-v1-f98a7a99/7.7.0+0.92.2-1.20.1/fabric-api-lookup-api-v1-f98a7a99-7.7.0+0.92.2-1.20.1.jar                                              |
|     8 | Quilted Fabric Biome API (v1)                     | quilted_fabric_biome_api_v1                  | 7.7.0+0.92.2-1.20.1 | pl:quilt_loader          | 6a8262bedf35af120ec1cd2509ce60864bb1a716 | <user>/Documents/mods/Traincraft-1.20.1/.gradle/loom-cache/remapped_mods/remapped/org/quiltmc/quilted-fabric-api/fabric-biome-api-v1-f98a7a99/7.7.0+0.92.2-1.20.1/fabric-biome-api-v1-f98a7a99-7.7.0+0.92.2-1.20.1.jar                                                        |
|    49 | Quilted Fabric Block API (v1)                     | quilted_fabric_block_api_v1                  | 7.7.0+0.92.2-1.20.1 | pl:quilt_loader          | 0b1f95608ea1b7bfdb413faa706c1e254f4810dd | <user>/Documents/mods/Traincraft-1.20.1/.gradle/loom-cache/remapped_mods/remapped/org/quiltmc/quilted-fabric-api/fabric-block-api-v1-f98a7a99/7.7.0+0.92.2-1.20.1/fabric-block-api-v1-f98a7a99-7.7.0+0.92.2-1.20.1.jar                                                        |
|    19 | Quilted Fabric BlockRenderLayer Registration (v1) | quilted_fabric_blockrenderlayer_v1           | 7.7.0+0.92.2-1.20.1 | pl:quilt_loader          | 786feca58d2744b0c4d51691ef17b14c891f1295 | <user>/Documents/mods/Traincraft-1.20.1/.gradle/loom-cache/remapped_mods/remapped/org/quiltmc/quilted-fabric-api/fabric-blockrenderlayer-v1-f98a7a99/7.7.0+0.92.2-1.20.1/fabric-blockrenderlayer-v1-f98a7a99-7.7.0+0.92.2-1.20.1.jar                                          |
|    20 | Quilted Fabric BlockView API (v2)                 | quilted_fabric_block_view_api_v2             | 7.7.0+0.92.2-1.20.1 | pl:quilt_loader          | a628c245f2fab01f5c66b09f02c4369530c87e9a | <user>/Documents/mods/Traincraft-1.20.1/.gradle/loom-cache/remapped_mods/remapped/org/quiltmc/quilted-fabric-api/fabric-block-view-api-v2-f98a7a99/7.7.0+0.92.2-1.20.1/fabric-block-view-api-v2-f98a7a99-7.7.0+0.92.2-1.20.1.jar                                              |
|    67 | Quilted Fabric Client Tags                        | quilted_fabric_client_tags_api_v1            | 7.7.0+0.92.2-1.20.1 | pl:quilt_loader          | 1aa7ebad0422802adf32449b354342200bf5cbb1 | <user>/Documents/mods/Traincraft-1.20.1/.gradle/loom-cache/remapped_mods/remapped/org/quiltmc/quilted-fabric-api/fabric-client-tags-api-v1-f98a7a99/7.7.0+0.92.2-1.20.1/fabric-client-tags-api-v1-f98a7a99-7.7.0+0.92.2-1.20.1.jar                                            |
|    16 | Quilted Fabric Command API (v2)                   | quilted_fabric_command_api_v2                | 7.7.0+0.92.2-1.20.1 | pl:quilt_loader          | e3412b958a6490c7991034048962535dba9aa15d | <user>/Documents/mods/Traincraft-1.20.1/.gradle/loom-cache/remapped_mods/remapped/org/quiltmc/quilted-fabric-api/fabric-command-api-v2-f98a7a99/7.7.0+0.92.2-1.20.1/fabric-command-api-v2-f98a7a99-7.7.0+0.92.2-1.20.1.jar                                                    |
|     6 | Quilted Fabric Content Registries (v0)            | quilted_fabric_content_registries_v0         | 7.7.0+0.92.2-1.20.1 | pl:quilt_loader          | da65b657ec9d735d60d8f0ec43878003a55f7e97 | <user>/Documents/mods/Traincraft-1.20.1/.gradle/loom-cache/remapped_mods/remapped/org/quiltmc/quilted-fabric-api/fabric-content-registries-v0-f98a7a99/7.7.0+0.92.2-1.20.1/fabric-content-registries-v0-f98a7a99-7.7.0+0.92.2-1.20.1.jar                                      |
|    65 | Quilted Fabric Convention Tags API (v1)           | quilted_fabric_convention_tags_api_v1        | 7.7.0+0.92.2-1.20.1 | pl:quilt_loader          | 9ed5d3e327140d0bfe39027e5a6cbe49032058be | <user>/Documents/mods/Traincraft-1.20.1/.gradle/loom-cache/remapped_mods/remapped/org/quiltmc/quilted-fabric-api/fabric-convention-tags-v1-f98a7a99/7.7.0+0.92.2-1.20.1/fabric-convention-tags-v1-f98a7a99-7.7.0+0.92.2-1.20.1.jar                                            |
|    70 | Quilted Fabric Crash Report Info (v1)             | quilted_fabric_crash_report_info_v1          | 7.7.0+0.92.2-1.20.1 | pl:quilt_loader          | 5a987ac218d16fa84fab233eff84b9ce15ba3f7e | <user>/Documents/mods/Traincraft-1.20.1/.gradle/loom-cache/remapped_mods/remapped/org/quiltmc/quilted-fabric-api/fabric-crash-report-info-v1-f98a7a99/7.7.0+0.92.2-1.20.1/fabric-crash-report-info-v1-f98a7a99-7.7.0+0.92.2-1.20.1.jar                                        |
|     4 | Quilted Fabric Data Attachment API (v1)           | quilted_fabric_data_attachment_api_v1        | 7.7.0+0.92.2-1.20.1 | pl:quilt_loader          | d19b1b921c9f1e7d42eda4224a3f5e024a531702 | <user>/Documents/mods/Traincraft-1.20.1/.gradle/loom-cache/remapped_mods/remapped/org/quiltmc/quilted-fabric-api/fabric-data-attachment-api-v1-f98a7a99/7.7.0+0.92.2-1.20.1/fabric-data-attachment-api-v1-f98a7a99-7.7.0+0.92.2-1.20.1.jar                                    |
|    84 | Quilted Fabric Data Generation API (v1)           | quilted_fabric_data_generation_api_v1        | 7.7.0+0.92.2-1.20.1 | pl:quilt_loader          | aa8573547f03c52282d1533fd50c1c003a561bda | <user>/Documents/mods/Traincraft-1.20.1/.gradle/loom-cache/remapped_mods/remapped/org/quiltmc/quilted-fabric-api/fabric-data-generation-api-v1-f98a7a99/7.7.0+0.92.2-1.20.1/fabric-data-generation-api-v1-f98a7a99-7.7.0+0.92.2-1.20.1.jar                                    |
|     1 | Quilted Fabric Dimensions API (v1)                | quilted_fabric_dimensions_v1                 | 7.7.0+0.92.2-1.20.1 | pl:quilt_loader          | b2fc3622851f8bc8ff468d96db0c875ebc996551 | <user>/Documents/mods/Traincraft-1.20.1/.gradle/loom-cache/remapped_mods/remapped/org/quiltmc/quilted-fabric-api/fabric-dimensions-v1-f98a7a99/7.7.0+0.92.2-1.20.1/fabric-dimensions-v1-f98a7a99-7.7.0+0.92.2-1.20.1.jar                                                      |
|     0 | Quilted Fabric Entity Events (v1)                 | quilted_fabric_entity_events_v1              | 7.7.0+0.92.2-1.20.1 | pl:quilt_loader          | b2b67ed45f925db066a03a3b25dcb6d58fdfc6e5 | <user>/Documents/mods/Traincraft-1.20.1/.gradle/loom-cache/remapped_mods/remapped/org/quiltmc/quilted-fabric-api/fabric-entity-events-v1-f98a7a99/7.7.0+0.92.2-1.20.1/fabric-entity-events-v1-f98a7a99-7.7.0+0.92.2-1.20.1.jar                                                |
|    13 | Quilted Fabric Events Interaction (v0)            | quilted_fabric_events_interaction_v0         | 7.7.0+0.92.2-1.20.1 | pl:quilt_loader          | b69b5b74e0768a58be53f2bafcbfa388a2c5f835 | <user>/Documents/mods/Traincraft-1.20.1/.gradle/loom-cache/remapped_mods/remapped/org/quiltmc/quilted-fabric-api/fabric-events-interaction-v0-f98a7a99/7.7.0+0.92.2-1.20.1/fabric-events-interaction-v0-f98a7a99-7.7.0+0.92.2-1.20.1.jar                                      |
|    25 | Quilted Fabric Game Rule API (v1)                 | quilted_fabric_game_rule_api_v1              | 7.7.0+0.92.2-1.20.1 | pl:quilt_loader          | cc6ae956ae56b78aa0b7743a7c92e66ca2734718 | <user>/Documents/mods/Traincraft-1.20.1/.gradle/loom-cache/remapped_mods/remapped/org/quiltmc/quilted-fabric-api/fabric-game-rule-api-v1-f98a7a99/7.7.0+0.92.2-1.20.1/fabric-game-rule-api-v1-f98a7a99-7.7.0+0.92.2-1.20.1.jar                                                |
|    61 | Quilted Fabric Item API (v1)                      | quilted_fabric_item_api_v1                   | 7.7.0+0.92.2-1.20.1 | pl:quilt_loader          | 700ec1877fdfa68e3b6e6f50e28a054d5bc4c318 | <user>/Documents/mods/Traincraft-1.20.1/.gradle/loom-cache/remapped_mods/remapped/org/quiltmc/quilted-fabric-api/fabric-item-api-v1-f98a7a99/7.7.0+0.92.2-1.20.1/fabric-item-api-v1-f98a7a99-7.7.0+0.92.2-1.20.1.jar                                                          |
|    69 | Quilted Fabric Item Group API (v1)                | quilted_fabric_item_group_api_v1             | 7.7.0+0.92.2-1.20.1 | pl:quilt_loader          | 7691e606a98acfc9a2f3939eff97c2e7e6b26f   | <user>/Documents/mods/Traincraft-1.20.1/.gradle/loom-cache/remapped_mods/remapped/org/quiltmc/quilted-fabric-api/fabric-item-group-api-v1-f98a7a99/7.7.0+0.92.2-1.20.1/fabric-item-group-api-v1-f98a7a99-7.7.0+0.92.2-1.20.1.jar                                              |
|    81 | Quilted Fabric Key Binding API (v1)               | quilted_fabric_key_binding_api_v1            | 7.7.0+0.92.2-1.20.1 | pl:quilt_loader          | 0de08754318db81fcbce66ff09a3cee716d5288a | <user>/Documents/mods/Traincraft-1.20.1/.gradle/loom-cache/remapped_mods/remapped/org/quiltmc/quilted-fabric-api/fabric-key-binding-api-v1-f98a7a99/7.7.0+0.92.2-1.20.1/fabric-key-binding-api-v1-f98a7a99-7.7.0+0.92.2-1.20.1.jar                                            |
|    29 | Quilted Fabric Lifecycle Events (v1)              | quilted_fabric_lifecycle_events_v1           | 7.7.0+0.92.2-1.20.1 | pl:quilt_loader          | de084dbcdb4f1821a06d4d738599f6df7f7ae377 | <user>/Documents/mods/Traincraft-1.20.1/.gradle/loom-cache/remapped_mods/remapped/org/quiltmc/quilted-fabric-api/fabric-lifecycle-events-v1-f98a7a99/7.7.0+0.92.2-1.20.1/fabric-lifecycle-events-v1-f98a7a99-7.7.0+0.92.2-1.20.1.jar                                          |
|    51 | Quilted Fabric Loot API (v2)                      | quilted_fabric_loot_api_v2                   | 7.7.0+0.92.2-1.20.1 | pl:quilt_loader          | 09574cf7e5303fe1653544f9ab202c7fddced053 | <user>/Documents/mods/Traincraft-1.20.1/.gradle/loom-cache/remapped_mods/remapped/org/quiltmc/quilted-fabric-api/fabric-loot-api-v2-f98a7a99/7.7.0+0.92.2-1.20.1/fabric-loot-api-v2-f98a7a99-7.7.0+0.92.2-1.20.1.jar                                                          |
|    22 | Quilted Fabric Message API (v1)                   | quilted_fabric_message_api_v1                | 7.7.0+0.92.2-1.20.1 | pl:quilt_loader          | 86fec0a36424fe121c850593428dc0b0fa8d9474 | <user>/Documents/mods/Traincraft-1.20.1/.gradle/loom-cache/remapped_mods/remapped/org/quiltmc/quilted-fabric-api/fabric-message-api-v1-f98a7a99/7.7.0+0.92.2-1.20.1/fabric-message-api-v1-f98a7a99-7.7.0+0.92.2-1.20.1.jar                                                    |
|    78 | Quilted Fabric Mining Level API (v1)              | quilted_fabric_mining_level_api_v1           | 7.7.0+0.92.2-1.20.1 | pl:quilt_loader          | 7593640026012213980befd69516c755f2c24841 | <user>/Documents/mods/Traincraft-1.20.1/.gradle/loom-cache/remapped_mods/remapped/org/quiltmc/quilted-fabric-api/fabric-mining-level-api-v1-f98a7a99/7.7.0+0.92.2-1.20.1/fabric-mining-level-api-v1-f98a7a99-7.7.0+0.92.2-1.20.1.jar                                          |
|    44 | Quilted Fabric Model Loading API (v1)             | quilted_fabric_model_loading_api_v1          | 7.7.0+0.92.2-1.20.1 | pl:quilt_loader          | 74b1755f87f63fc6abd3f4cf153406fd7f01bfec | <user>/Documents/mods/Traincraft-1.20.1/.gradle/loom-cache/remapped_mods/remapped/org/quiltmc/quilted-fabric-api/fabric-model-loading-api-v1-f98a7a99/7.7.0+0.92.2-1.20.1/fabric-model-loading-api-v1-f98a7a99-7.7.0+0.92.2-1.20.1.jar                                        |
|    47 | Quilted Fabric Networking API (v1)                | quilted_fabric_networking_api_v1             | 7.7.0+0.92.2-1.20.1 | pl:quilt_loader          | 2dbdd193edb7099b599ab7513728c66c72161dc3 | <user>/Documents/mods/Traincraft-1.20.1/.gradle/loom-cache/remapped_mods/remapped/org/quiltmc/quilted-fabric-api/fabric-networking-api-v1-f98a7a99/7.7.0+0.92.2-1.20.1/fabric-networking-api-v1-f98a7a99-7.7.0+0.92.2-1.20.1.jar                                              |
|    42 | Quilted Fabric Object Builder API (v1)            | quilted_fabric_object_builder_api_v1         | 7.7.0+0.92.2-1.20.1 | pl:quilt_loader          | e45f9acf9aa9e8cbeafd5dbe54460da29c5186f  | <user>/Documents/mods/Traincraft-1.20.1/.gradle/loom-cache/remapped_mods/remapped/org/quiltmc/quilted-fabric-api/fabric-object-builder-api-v1-f98a7a99/7.7.0+0.92.2-1.20.1/fabric-object-builder-api-v1-f98a7a99-7.7.0+0.92.2-1.20.1.jar                                      |
|    74 | Quilted Fabric Particles (v1)                     | quilted_fabric_particles_v1                  | 7.7.0+0.92.2-1.20.1 | pl:quilt_loader          | 2fcdda7352aa37bf84350a883fc928fb8436945a | <user>/Documents/mods/Traincraft-1.20.1/.gradle/loom-cache/remapped_mods/remapped/org/quiltmc/quilted-fabric-api/fabric-particles-v1-f98a7a99/7.7.0+0.92.2-1.20.1/fabric-particles-v1-f98a7a99-7.7.0+0.92.2-1.20.1.jar                                                        |
|    83 | Quilted Fabric Recipe API (v1)                    | quilted_fabric_recipe_api_v1                 | 7.7.0+0.92.2-1.20.1 | pl:quilt_loader          | a1156b54ed59ff5cdfee0ce88cfabc7a71687a47 | <user>/Documents/mods/Traincraft-1.20.1/.gradle/loom-cache/remapped_mods/remapped/org/quiltmc/quilted-fabric-api/fabric-recipe-api-v1-f98a7a99/7.7.0+0.92.2-1.20.1/fabric-recipe-api-v1-f98a7a99-7.7.0+0.92.2-1.20.1.jar                                                      |
|    12 | Quilted Fabric Registry Sync (v0)                 | quilted_fabric_registry_sync_v0              | 7.7.0+0.92.2-1.20.1 | pl:quilt_loader          | 7b1980000b2eef183b50190d7ce4649e4587e101 | <user>/Documents/mods/Traincraft-1.20.1/.gradle/loom-cache/remapped_mods/remapped/org/quiltmc/quilted-fabric-api/fabric-registry-sync-v0-f98a7a99/7.7.0+0.92.2-1.20.1/fabric-registry-sync-v0-f98a7a99-7.7.0+0.92.2-1.20.1.jar                                                |
|     5 | Quilted Fabric Renderer - Indigo                  | quilted_fabric_renderer_indigo               | 7.7.0+0.92.2-1.20.1 | pl:quilt_loader          | 966455e7e713ed5552ba1c982c5e7eb886904536 | <user>/Documents/mods/Traincraft-1.20.1/.gradle/loom-cache/remapped_mods/remapped/org/quiltmc/quilted-fabric-api/fabric-renderer-indigo-f98a7a99/7.7.0+0.92.2-1.20.1/fabric-renderer-indigo-f98a7a99-7.7.0+0.92.2-1.20.1.jar                                                  |
|    35 | Quilted Fabric Renderer API (v1)                  | quilted_fabric_renderer_api_v1               | 7.7.0+0.92.2-1.20.1 | pl:quilt_loader          | 45e7bfa7e6936d498352bf716012a5838152e94a | <user>/Documents/mods/Traincraft-1.20.1/.gradle/loom-cache/remapped_mods/remapped/org/quiltmc/quilted-fabric-api/fabric-renderer-api-v1-f98a7a99/7.7.0+0.92.2-1.20.1/fabric-renderer-api-v1-f98a7a99-7.7.0+0.92.2-1.20.1.jar                                                  |
|    73 | Quilted Fabric Rendering (v1)                     | quilted_fabric_rendering_v1                  | 7.7.0+0.92.2-1.20.1 | pl:quilt_loader          | e0d669552dc035bc45a0a26076faaee8c74723c4 | <user>/Documents/mods/Traincraft-1.20.1/.gradle/loom-cache/remapped_mods/remapped/org/quiltmc/quilted-fabric-api/fabric-rendering-v1-f98a7a99/7.7.0+0.92.2-1.20.1/fabric-rendering-v1-f98a7a99-7.7.0+0.92.2-1.20.1.jar                                                        |
|    50 | Quilted Fabric Rendering Fluids (v1)              | quilted_fabric_rendering_fluids_v1           | 7.7.0+0.92.2-1.20.1 | pl:quilt_loader          | 1ecb8010dec461bce73a1819ac0c797f61c9b0a9 | <user>/Documents/mods/Traincraft-1.20.1/.gradle/loom-cache/remapped_mods/remapped/org/quiltmc/quilted-fabric-api/fabric-rendering-fluids-v1-f98a7a99/7.7.0+0.92.2-1.20.1/fabric-rendering-fluids-v1-f98a7a99-7.7.0+0.92.2-1.20.1.jar                                          |
|    76 | Quilted Fabric Resource Conditions API (v1)       | quilted_fabric_resource_conditions_api_v1    | 7.7.0+0.92.2-1.20.1 | pl:quilt_loader          | 825ef7c482d0d63d20152505b8fedba1763aea39 | <user>/Documents/mods/Traincraft-1.20.1/.gradle/loom-cache/remapped_mods/remapped/org/quiltmc/quilted-fabric-api/fabric-resource-conditions-api-v1-f98a7a99/7.7.0+0.92.2-1.20.1/fabric-resource-conditions-api-v1-f98a7a99-7.7.0+0.92.2-1.20.1.jar                            |
|    62 | Quilted Fabric Resource Loader (v0)               | quilted_fabric_resource_loader_v0            | 7.7.0+0.92.2-1.20.1 | pl:quilt_loader          | 7b3bca0659a1e01663c872459ad9c71e4c864a0d | <user>/Documents/mods/Traincraft-1.20.1/.gradle/loom-cache/remapped_mods/remapped/org/quiltmc/quilted-fabric-api/fabric-resource-loader-v0-f98a7a99/7.7.0+0.92.2-1.20.1/fabric-resource-loader-v0-f98a7a99-7.7.0+0.92.2-1.20.1.jar                                            |
|     2 | Quilted Fabric Screen API (v1)                    | quilted_fabric_screen_api_v1                 | 7.7.0+0.92.2-1.20.1 | pl:quilt_loader          | d74c67410b9f944fae5ba375443a8ac05f0add37 | <user>/Documents/mods/Traincraft-1.20.1/.gradle/loom-cache/remapped_mods/remapped/org/quiltmc/quilted-fabric-api/fabric-screen-api-v1-f98a7a99/7.7.0+0.92.2-1.20.1/fabric-screen-api-v1-f98a7a99-7.7.0+0.92.2-1.20.1.jar                                                      |
|    48 | Quilted Fabric Screen Handler API (v1)            | quilted_fabric_screen_handler_api_v1         | 7.7.0+0.92.2-1.20.1 | pl:quilt_loader          | 7335eaf3a625909f363850532ee35d603c5ee2f3 | <user>/Documents/mods/Traincraft-1.20.1/.gradle/loom-cache/remapped_mods/remapped/org/quiltmc/quilted-fabric-api/fabric-screen-handler-api-v1-f98a7a99/7.7.0+0.92.2-1.20.1/fabric-screen-handler-api-v1-f98a7a99-7.7.0+0.92.2-1.20.1.jar                                      |
|    39 | Quilted Fabric Sound API (v1)                     | quilted_fabric_sound_api_v1                  | 7.7.0+0.92.2-1.20.1 | pl:quilt_loader          | 7cb1c1a654f76d8fba2311d7c039f15485288a74 | <user>/Documents/mods/Traincraft-1.20.1/.gradle/loom-cache/remapped_mods/remapped/org/quiltmc/quilted-fabric-api/fabric-sound-api-v1-f98a7a99/7.7.0+0.92.2-1.20.1/fabric-sound-api-v1-f98a7a99-7.7.0+0.92.2-1.20.1.jar                                                        |
|    46 | Quilted Fabric Transfer API (v1)                  | quilted_fabric_transfer_api_v1               | 7.7.0+0.92.2-1.20.1 | pl:quilt_loader          | 746518aff8b70166d41021ad146f9454c4bd0513 | <user>/Documents/mods/Traincraft-1.20.1/.gradle/loom-cache/remapped_mods/remapped/org/quiltmc/quilted-fabric-api/fabric-transfer-api-v1-f98a7a99/7.7.0+0.92.2-1.20.1/fabric-transfer-api-v1-f98a7a99-7.7.0+0.92.2-1.20.1.jar                                                  |
|    57 | Quilted Fabric Transitive Access Wideners (v1)    | quilted_fabric_transitive_access_wideners_v1 | 7.7.0+0.92.2-1.20.1 | pl:quilt_loader          | c457a5c2759e6abd984d647d44a2bcfe113510a6 | <user>/Documents/mods/Traincraft-1.20.1/.gradle/loom-cache/remapped_mods/remapped/org/quiltmc/quilted-fabric-api/fabric-transitive-access-wideners-v1-f98a7a99/7.7.0+0.92.2-1.20.1/fabric-transitive-access-wideners-v1-f98a7a99-7.7.0+0.92.2-1.20.1.jar                      |
|    38 | Traincraft                                        | tc                                           | 1.0.0               | pl:quilt_loader          |                                          | <user>/Documents/mods/Traincraft-1.20.1/quilt/build/resources/main                                                                                                                                                                                                            |
|------:|---------------------------------------------------|----------------------------------------------|---------------------|--------------------------|------------------------------------------|-------------------------------------------------------------------------------------------------------------------------------------------------------------------------------------------------------------------------------------------------------------------------------|
Mod Table Version: 2
Plugin Types: {}


---- end of report ----
[21:52:37] [main/ERROR] (Quilt Loader) For more details see the full crash report file: /home/jamiececcarelli/Documents/mods/Traincraft-1.20.1/quilt/run/crash-reports/crash-2026-01-13_21.52.37.1746-quilt_loader.txt
